Renesas Optimizing Linker (W3.06.00 )             11-Jun-2024 11:31:45

*** Options ***

-subcommand=Linkerrl78g16_filter_sample.tmp
-MAKEUD="C:\Users\rikuno\e2_studio\workspace_filter_RL\rl78g16_filter_sample\HardwareDebug/rl78g16_filter_sample_l.ud" 
-device="C:/Users/rikuno/.eclipse/com.renesas.platform_1368328666/DebugComp/RL78/RL78/Common/DR5F121BC.DVF" 
-list 
-nooptimize 
-entry=_start 
-auto_section_layout 
-security_id=00000000000000000000 
-rrm=FF700 
-debug_monitor=07E00-07FFF 
-user_opt_byte=EFFFF9 
-ocdbg=85 
-input=".\src/smc_gen/r_bsp/board/generic_rl78_g16\stkinit.obj"
-input=".\src/smc_gen/r_bsp/mcu/all\cstart.obj"
-input=".\src/smc_gen/r_bsp/mcu/all\r_bsp_common_ccrl.obj"
-input=".\filter_sample/fir\fir_config_sample1.obj"
-input=".\filter_sample/fir\r_ctsu_fir_sample.obj"
-input=".\filter_sample/iir\iir_config_sample1.obj"
-input=".\filter_sample/iir\r_ctsu_iir_sample.obj"
-input=".\filter_sample/median\median_config_sample1.obj"
-input=".\filter_sample/median\r_ctsu_median_sample.obj"
-input=".\filter_sample/spiir\r_ctsu_spiir_sample.obj"
-input=".\filter_sample/spiir\spiir_config_sample.obj"
-input=".\qe_gen\qe_touch_config.obj"
-input=".\qe_gen\qe_touch_sample.obj"
-input=".\src\rl78g16_filter_sample.obj"
-input=".\src/smc_gen/Config_TAU0_0\Config_TAU0_0.obj"
-input=".\src/smc_gen/Config_TAU0_0\Config_TAU0_0_user.obj"
-input=".\src/smc_gen/Config_UART1\Config_UART1.obj"
-input=".\src/smc_gen/Config_UART1\Config_UART1_user.obj"
-input=".\src/smc_gen/general\r_cg_sau_common.obj"
-input=".\src/smc_gen/general\r_cg_systeminit.obj"
-input=".\src/smc_gen/general\r_cg_tau_common.obj"
-input=".\src/smc_gen/r_bsp/board/generic_rl78_g16\hdwinit.obj"
-input=".\src/smc_gen/r_bsp/board/generic_rl78_g16\r_bsp_init.obj"
-input=".\src/smc_gen/r_bsp/mcu/all\r_bsp_common.obj"
-input=".\src/smc_gen/r_bsp/mcu/rl78_g16\mcu_clocks.obj"
-input=".\src/smc_gen/r_ctsu\r_ctsu.obj"
-input=".\src/smc_gen/r_pincfg\Pin.obj"
-input=".\src/smc_gen/r_pincfg\r_ctsu_pinset.obj"
-input=".\src/smc_gen/rm_touch\rm_touch.obj"
-library="C:\Program Files (x86)\Renesas\RL78\1_13_0\lib\rl78nm4s99.lib"
-library="C:\Program Files (x86)\Renesas\RL78\1_13_0\lib\rl78nm4r.lib"
-library="C:\Program Files (x86)\Renesas\RL78\1_13_0\lib\malloc_n.lib"
-output="rl78g16_filter_sample.abs" 
-debug 
-nocompress 
-memory=high 
-rom=.data=.dataR,.sdata=.sdataR 
-nomessage 
-nologo

*** Error information ***

*** Mapping List ***

SECTION                            START      END         SIZE   ALIGN
.vect
                                  00000000  0000007f        80   0
.constf
                                  00000080  00000080         0   2
.init_array
                                  00000080  00000080         0   2
.sdata
                                  00000080  00000080         0   2
.data
                                  00000082  0000008d         c   2
.option_byte
                                  000000c0  000000c3         4   1
.security_id
                                  000000c4  000000cd         a   1
.SLIB
                                  000000c4  000000c4         0   1
.monitor1
                                  000000ce  000000d7         a   1
.text
                                  000000d8  0000033a       263   1
.RLIB
                                  0000033b  000004ee       1b4   1
.const
                                  00000800  00000aad       2ae   2
.textf
                                  00000aae  00003cc9      321c   1
.monitor2
                                  00007e00  00007fff       200   1
.rrm
                                  000ff700  000ff703         4   1
.bss
                                  000ff704  000ffc63       560   2
.dataR
                                  000ffc64  000ffc6f         c   2
.sbss
                                  000ffe20  000ffe20         0   2
.sdataR
                                  000ffe20  000ffe20         0   2
